../Core/Src/si4463.c:12:9:SI4463_WaitCTS	24	static
../Core/Src/si4463.c:39:6:SI4463_Reset	16	static
../Core/Src/si4463.c:65:8:SI4463_SendCommand	64	dynamic
../Core/Src/si4463.c:83:8:SI4463_ReadCommandBuffer	64	dynamic
../Core/Src/si4463.c:102:6:SI4463_SendNop	24	static
../Core/Src/si4463.c:111:9:SI4463_GetSwCts	40	static
../Core/Src/si4463.c:127:8:SI4463_WaitSwCTS	24	static
../Core/Src/si4463.c:144:8:SI4463_Init	424	dynamic
../Core/Src/si4463.c:183:8:SI4463_VerifyInit	48	static
../Core/Src/si4463.c:315:8:SI4463_PowerUp	48	static
../Core/Src/si4463.c:332:8:SI4463_GetInterrupts	48	static
../Core/Src/si4463.c:384:8:SI4463_Get_PH_Status	40	static
../Core/Src/si4463.c:420:8:SI4463_ClearInterrupts	40	static
../Core/Src/si4463.c:437:8:SI4463_ClearAllInterrupts	24	static
../Core/Src/si4463.c:446:8:SI4463_GetPartInfo	24	static
../Core/Src/si4463.c:456:8:SI4463_GetChipStatus	40	static
../Core/Src/si4463.c:477:8:SI4463_ClearChipStatus	40	static
../Core/Src/si4463.c:493:16:SI4463_GetCurrentState	40	static
../Core/Src/si4463.c:512:8:SI4463_SetCurrentState	24	static
../Core/Src/si4463.c:535:8:SI4463_StartRx	32	static
../Core/Src/si4463.c:578:8:SI4463_StartTx	24	static
../Core/Src/si4463.c:611:8:SI4463_WriteTxFifo	64	dynamic
../Core/Src/si4463.c:625:8:SI4463_ReadRxFifo	88	dynamic
../Core/Src/si4463.c:662:9:SI4463_GetTxFifoRemainBytes	40	static
../Core/Src/si4463.c:680:9:SI4463_GetRxFifoReceivedBytes	40	static
../Core/Src/si4463.c:698:8:SI4463_ClearRxFifo	24	static
../Core/Src/si4463.c:707:8:SI4463_ClearTxFifo	24	static
../Core/Src/si4463.c:716:8:SI4463_ClearSharedFifo	24	static
../Core/Src/si4463.c:725:8:SI4463_Transmit	32	static
../Core/Src/si4463.c:747:8:SI4463_GetProperty	48	static
../Core/Src/si4463.c:778:8:SI4463_SetProperty	56	dynamic
../Core/Src/si4463.c:802:8:SI4463_SetSplitFifo	32	static
../Core/Src/si4463.c:833:8:SI4463_SetHalfDuplexFifo	32	static
../Core/Src/si4463.c:863:10:SI4463_GetBytePosition	32	static
