Archive member included to satisfy reference by file (symbol)

e:/programs/stm32cubeide_1.10.1/stm32cubeide/plugins/com.st.stm32cube.ide.mcu.externaltools.gnu-tools-for-stm32.10.3-2021.10.win32_1.0.0.202111181127/tools/bin/../lib/gcc/arm-none-eabi/10.3.1/../../../../arm-none-eabi/lib/thumb/v7-m/nofp\libc_nano.a(lib_a-errno.o)
                              ./Core/Src/syscalls.o (__errno)
e:/programs/stm32cubeide_1.10.1/stm32cubeide/plugins/com.st.stm32cube.ide.mcu.externaltools.gnu-tools-for-stm32.10.3-2021.10.win32_1.0.0.202111181127/tools/bin/../lib/gcc/arm-none-eabi/10.3.1/../../../../arm-none-eabi/lib/thumb/v7-m/nofp\libc_nano.a(lib_a-exit.o)
                              e:/programs/stm32cubeide_1.10.1/stm32cubeide/plugins/com.st.stm32cube.ide.mcu.externaltools.gnu-tools-for-stm32.10.3-2021.10.win32_1.0.0.202111181127/tools/bin/../lib/gcc/arm-none-eabi/10.3.1/../../../../arm-none-eabi/lib/thumb/v7-m/nofp/crt0.o (exit)
e:/programs/stm32cubeide_1.10.1/stm32cubeide/plugins/com.st.stm32cube.ide.mcu.externaltools.gnu-tools-for-stm32.10.3-2021.10.win32_1.0.0.202111181127/tools/bin/../lib/gcc/arm-none-eabi/10.3.1/../../../../arm-none-eabi/lib/thumb/v7-m/nofp\libc_nano.a(lib_a-impure.o)
                              e:/programs/stm32cubeide_1.10.1/stm32cubeide/plugins/com.st.stm32cube.ide.mcu.externaltools.gnu-tools-for-stm32.10.3-2021.10.win32_1.0.0.202111181127/tools/bin/../lib/gcc/arm-none-eabi/10.3.1/../../../../arm-none-eabi/lib/thumb/v7-m/nofp\libc_nano.a(lib_a-exit.o) (_global_impure_ptr)
e:/programs/stm32cubeide_1.10.1/stm32cubeide/plugins/com.st.stm32cube.ide.mcu.externaltools.gnu-tools-for-stm32.10.3-2021.10.win32_1.0.0.202111181127/tools/bin/../lib/gcc/arm-none-eabi/10.3.1/../../../../arm-none-eabi/lib/thumb/v7-m/nofp\libc_nano.a(lib_a-init.o)
                              e:/programs/stm32cubeide_1.10.1/stm32cubeide/plugins/com.st.stm32cube.ide.mcu.externaltools.gnu-tools-for-stm32.10.3-2021.10.win32_1.0.0.202111181127/tools/bin/../lib/gcc/arm-none-eabi/10.3.1/../../../../arm-none-eabi/lib/thumb/v7-m/nofp/crt0.o (__libc_init_array)
e:/programs/stm32cubeide_1.10.1/stm32cubeide/plugins/com.st.stm32cube.ide.mcu.externaltools.gnu-tools-for-stm32.10.3-2021.10.win32_1.0.0.202111181127/tools/bin/../lib/gcc/arm-none-eabi/10.3.1/../../../../arm-none-eabi/lib/thumb/v7-m/nofp\libc_nano.a(lib_a-memset.o)
                              e:/programs/stm32cubeide_1.10.1/stm32cubeide/plugins/com.st.stm32cube.ide.mcu.externaltools.gnu-tools-for-stm32.10.3-2021.10.win32_1.0.0.202111181127/tools/bin/../lib/gcc/arm-none-eabi/10.3.1/../../../../arm-none-eabi/lib/thumb/v7-m/nofp/crt0.o (memset)
e:/programs/stm32cubeide_1.10.1/stm32cubeide/plugins/com.st.stm32cube.ide.mcu.externaltools.gnu-tools-for-stm32.10.3-2021.10.win32_1.0.0.202111181127/tools/bin/../lib/gcc/arm-none-eabi/10.3.1/../../../../arm-none-eabi/lib/thumb/v7-m/nofp\libc_nano.a(lib_a-strlen.o)
                              ./Core/Src/main.o (strlen)

Discarded input sections

 .text          0x0000000000000000        0x0 e:/programs/stm32cubeide_1.10.1/stm32cubeide/plugins/com.st.stm32cube.ide.mcu.externaltools.gnu-tools-for-stm32.10.3-2021.10.win32_1.0.0.202111181127/tools/bin/../lib/gcc/arm-none-eabi/10.3.1/thumb/v7-m/nofp/crti.o
 .data          0x0000000000000000        0x0 e:/programs/stm32cubeide_1.10.1/stm32cubeide/plugins/com.st.stm32cube.ide.mcu.externaltools.gnu-tools-for-stm32.10.3-2021.10.win32_1.0.0.202111181127/tools/bin/../lib/gcc/arm-none-eabi/10.3.1/thumb/v7-m/nofp/crti.o
 .bss           0x0000000000000000        0x0 e:/programs/stm32cubeide_1.10.1/stm32cubeide/plugins/com.st.stm32cube.ide.mcu.externaltools.gnu-tools-for-stm32.10.3-2021.10.win32_1.0.0.202111181127/tools/bin/../lib/gcc/arm-none-eabi/10.3.1/thumb/v7-m/nofp/crti.o
 .data          0x0000000000000000        0x4 e:/programs/stm32cubeide_1.10.1/stm32cubeide/plugins/com.st.stm32cube.ide.mcu.externaltools.gnu-tools-for-stm32.10.3-2021.10.win32_1.0.0.202111181127/tools/bin/../lib/gcc/arm-none-eabi/10.3.1/thumb/v7-m/nofp/crtbegin.o
 .rodata        0x0000000000000000       0x24 e:/programs/stm32cubeide_1.10.1/stm32cubeide/plugins/com.st.stm32cube.ide.mcu.externaltools.gnu-tools-for-stm32.10.3-2021.10.win32_1.0.0.202111181127/tools/bin/../lib/gcc/arm-none-eabi/10.3.1/thumb/v7-m/nofp/crtbegin.o
 .text          0x0000000000000000       0x7c e:/programs/stm32cubeide_1.10.1/stm32cubeide/plugins/com.st.stm32cube.ide.mcu.externaltools.gnu-tools-for-stm32.10.3-2021.10.win32_1.0.0.202111181127/tools/bin/../lib/gcc/arm-none-eabi/10.3.1/../../../../arm-none-eabi/lib/thumb/v7-m/nofp/crt0.o
 .data          0x0000000000000000        0x0 e:/programs/stm32cubeide_1.10.1/stm32cubeide/plugins/com.st.stm32cube.ide.mcu.externaltools.gnu-tools-for-stm32.10.3-2021.10.win32_1.0.0.202111181127/tools/bin/../lib/gcc/arm-none-eabi/10.3.1/../../../../arm-none-eabi/lib/thumb/v7-m/nofp/crt0.o
[...]
Memory Configuration

Name             Origin             Length             Attributes
RAM              0x0000000020000000 0x0000000000005000 xrw
FLASH            0x0000000008000000 0x0000000000010000 xr
*default*        0x0000000000000000 0xffffffffffffffff

Linker script and memory map

LOAD e:/programs/stm32cubeide_1.10.1/stm32cubeide/plugins/com.st.stm32cube.ide.mcu.externaltools.gnu-tools-for-stm32.10.3-2021.10.win32_1.0.0.202111181127/tools/bin/../lib/gcc/arm-none-eabi/10.3.1/thumb/v7-m/nofp/crti.o
LOAD e:/programs/stm32cubeide_1.10.1/stm32cubeide/plugins/com.st.stm32cube.ide.mcu.externaltools.gnu-tools-for-stm32.10.3-2021.10.win32_1.0.0.202111181127/tools/bin/../lib/gcc/arm-none-eabi/10.3.1/thumb/v7-m/nofp/crtbegin.o
LOAD e:/programs/stm32cubeide_1.10.1/stm32cubeide/plugins/com.st.stm32cube.ide.mcu.externaltools.gnu-tools-for-stm32.10.3-2021.10.win32_1.0.0.202111181127/tools/bin/../lib/gcc/arm-none-eabi/10.3.1/../../../../arm-none-eabi/lib/thumb/v7-m/nofp/crt0.o
LOAD ./Core/Src/main.o
LOAD ./Core/Src/stm32f1xx_hal_msp.o
LOAD ./Core/Src/stm32f1xx_it.o
LOAD ./Core/Src/syscalls.o
LOAD ./Core/Src/sysmem.o
LOAD ./Core/Src/system_stm32f1xx.o
LOAD ./Core/Startup/startup_stm32f103c8tx.o
LOAD ./Drivers/STM32F1xx_HAL_Driver/Src/stm32f1xx_hal.o
LOAD ./Drivers/STM32F1xx_HAL_Driver/Src/stm32f1xx_hal_cortex.o
LOAD ./Drivers/STM32F1xx_HAL_Driver/Src/stm32f1xx_hal_dma.o
LOAD ./Drivers/STM32F1xx_HAL_Driver/Src/stm32f1xx_hal_exti.o
LOAD ./Drivers/STM32F1xx_HAL_Driver/Src/stm32f1xx_hal_flash.o
LOAD ./Drivers/STM32F1xx_HAL_Driver/Src/stm32f1xx_hal_flash_ex.o
LOAD ./Drivers/STM32F1xx_HAL_Driver/Src/stm32f1xx_hal_gpio.o
LOAD ./Drivers/STM32F1xx_HAL_Driver/Src/stm32f1xx_hal_gpio_ex.o
LOAD ./Drivers/STM32F1xx_HAL_Driver/Src/stm32f1xx_hal_i2c.o
LOAD ./Drivers/STM32F1xx_HAL_Driver/Src/stm32f1xx_hal_pwr.o
LOAD ./Drivers/STM32F1xx_HAL_Driver/Src/stm32f1xx_hal_rcc.o
LOAD ./Drivers/STM32F1xx_HAL_Driver/Src/stm32f1xx_hal_rcc_ex.o
LOAD ./Drivers/STM32F1xx_HAL_Driver/Src/stm32f1xx_hal_tim.o
LOAD ./Drivers/STM32F1xx_HAL_Driver/Src/stm32f1xx_hal_tim_ex.o
LOAD ./Drivers/STM32F1xx_HAL_Driver/Src/stm32f1xx_hal_uart.o
START GROUP
LOAD e:/programs/stm32cubeide_1.10.1/stm32cubeide/plugins/com.st.stm32cube.ide.mcu.externaltools.gnu-tools-for-stm32.10.3-2021.10.win32_1.0.0.202111181127/tools/bin/../lib/gcc/arm-none-eabi/10.3.1/../../../../arm-none-eabi/lib/thumb/v7-m/nofp\libc_nano.a
LOAD e:/programs/stm32cubeide_1.10.1/stm32cubeide/plugins/com.st.stm32cube.ide.mcu.externaltools.gnu-tools-for-stm32.10.3-2021.10.win32_1.0.0.202111181127/tools/bin/../lib/gcc/arm-none-eabi/10.3.1/../../../../arm-none-eabi/lib/thumb/v7-m/nofp\libm.a
END GROUP
START GROUP
LOAD e:/programs/stm32cubeide_1.10.1/stm32cubeide/plugins/com.st.stm32cube.ide.mcu.externaltools.gnu-tools-for-stm32.10.3-2021.10.win32_1.0.0.202111181127/tools/bin/../lib/gcc/arm-none-eabi/10.3.1/thumb/v7-m/nofp\libgcc.a
LOAD e:/programs/stm32cubeide_1.10.1/stm32cubeide/plugins/com.st.stm32cube.ide.mcu.externaltools.gnu-tools-for-stm32.10.3-2021.10.win32_1.0.0.202111181127/tools/bin/../lib/gcc/arm-none-eabi/10.3.1/../../../../arm-none-eabi/lib/thumb/v7-m/nofp\libc_nano.a
END GROUP
START GROUP
LOAD e:/programs/stm32cubeide_1.10.1/stm32cubeide/plugins/com.st.stm32cube.ide.mcu.externaltools.gnu-tools-for-stm32.10.3-2021.10.win32_1.0.0.202111181127/tools/bin/../lib/gcc/arm-none-eabi/10.3.1/thumb/v7-m/nofp\libgcc.a
LOAD e:/programs/stm32cubeide_1.10.1/stm32cubeide/plugins/com.st.stm32cube.ide.mcu.externaltools.gnu-tools-for-stm32.10.3-2021.10.win32_1.0.0.202111181127/tools/bin/../lib/gcc/arm-none-eabi/10.3.1/../../../../arm-none-eabi/lib/thumb/v7-m/nofp\libc_nano.a
LOAD e:/programs/stm32cubeide_1.10.1/stm32cubeide/plugins/com.st.stm32cube.ide.mcu.externaltools.gnu-tools-for-stm32.10.3-2021.10.win32_1.0.0.202111181127/tools/bin/../lib/gcc/arm-none-eabi/10.3.1/../../../../arm-none-eabi/lib/thumb/v7-m/nofp\libnosys.a
END GROUP
START GROUP
LOAD e:/programs/stm32cubeide_1.10.1/stm32cubeide/plugins/com.st.stm32cube.ide.mcu.externaltools.gnu-tools-for-stm32.10.3-2021.10.win32_1.0.0.202111181127/tools/bin/../lib/gcc/arm-none-eabi/10.3.1/thumb/v7-m/nofp\libgcc.a
LOAD e:/programs/stm32cubeide_1.10.1/stm32cubeide/plugins/com.st.stm32cube.ide.mcu.externaltools.gnu-tools-for-stm32.10.3-2021.10.win32_1.0.0.202111181127/tools/bin/../lib/gcc/arm-none-eabi/10.3.1/../../../../arm-none-eabi/lib/thumb/v7-m/nofp\libc_nano.a
LOAD e:/programs/stm32cubeide_1.10.1/stm32cubeide/plugins/com.st.stm32cube.ide.mcu.externaltools.gnu-tools-for-stm32.10.3-2021.10.win32_1.0.0.202111181127/tools/bin/../lib/gcc/arm-none-eabi/10.3.1/../../../../arm-none-eabi/lib/thumb/v7-m/nofp\libnosys.a
END GROUP
LOAD e:/programs/stm32cubeide_1.10.1/stm32cubeide/plugins/com.st.stm32cube.ide.mcu.externaltools.gnu-tools-for-stm32.10.3-2021.10.win32_1.0.0.202111181127/tools/bin/../lib/gcc/arm-none-eabi/10.3.1/thumb/v7-m/nofp/crtend.o
LOAD e:/programs/stm32cubeide_1.10.1/stm32cubeide/plugins/com.st.stm32cube.ide.mcu.externaltools.gnu-tools-for-stm32.10.3-2021.10.win32_1.0.0.202111181127/tools/bin/../lib/gcc/arm-none-eabi/10.3.1/thumb/v7-m/nofp/crtn.o
                0x0000000020005000                _estack = (ORIGIN (RAM) + LENGTH (RAM))
                0x0000000000000200                _Min_Heap_Size = 0x200
                0x0000000000000400                _Min_Stack_Size = 0x400

.isr_vector     0x0000000008000000      0x10c
                0x0000000008000000                . = ALIGN (0x4)
 *(.isr_vector)
 .isr_vector    0x0000000008000000      0x10c ./Core/Startup/startup_stm32f103c8tx.o
                0x0000000008000000                g_pfnVectors
                0x000000000800010c                . = ALIGN (0x4)

.text           0x000000000800010c     0x20cc
                0x000000000800010c                . = ALIGN (0x4)
 *(.text)
 .text          0x000000000800010c       0x40 e:/programs/stm32cubeide_1.10.1/stm32cubeide/plugins/com.st.stm32cube.ide.mcu.externaltools.gnu-tools-for-stm32.10.3-2021.10.win32_1.0.0.202111181127/tools/bin/../lib/gcc/arm-none-eabi/10.3.1/thumb/v7-m/nofp/crtbegin.o
 *(.text*)
 .text.main     0x000000000800014c       0x48 ./Core/Src/main.o
                0x000000000800014c                main
 .text.SystemClock_Config
                0x0000000008000194       0x82 ./Core/Src/main.o
                0x0000000008000194                SystemClock_Config
 *fill*         0x0000000008000216        0x2 
 .text.MX_I2C1_Init
                0x0000000008000218       0x64 ./Core/Src/main.o
 .text.MX_USART1_UART_Init
                0x000000000800027c       0x54 ./Core/Src/main.o
 .text.MX_GPIO_Init
                0x00000000080002d0       0x98 ./Core/Src/main.o
 .text.Error_Handler
                0x0000000008000368        0xa ./Core/Src/main.o
                0x0000000008000368                Error_Handler
 *fill*         0x0000000008000372        0x2 
 .text.HAL_MspInit
                0x0000000008000374       0x64 ./Core/Src/stm32f1xx_hal_msp.o
                0x0000000008000374                HAL_MspInit
 .text.HAL_I2C_MspInit
                0x00000000080003d8       0x7c ./Core/Src/stm32f1xx_hal_msp.o
                0x00000000080003d8                HAL_I2C_MspInit
 .text.HAL_UART_MspInit
                0x0000000008000454       0x98 ./Core/Src/stm32f1xx_hal_msp.o
                0x0000000008000454                HAL_UART_MspInit
 .text.NMI_Handler
                0x00000000080004ec        0x6 ./Core/Src/stm32f1xx_it.o
                0x00000000080004ec                NMI_Handler
 .text.HardFault_Handler
                0x00000000080004f2        0x6 ./Core/Src/stm32f1xx_it.o
                0x00000000080004f2                HardFault_Handler
 .text.MemManage_Handler
                0x00000000080004f8        0x6 ./Core/Src/stm32f1xx_it.o
                0x00000000080004f8                MemManage_Handler
 .text.BusFault_Handler
                0x00000000080004fe        0x6 ./Core/Src/stm32f1xx_it.o
                0x00000000080004fe                BusFault_Handler
 .text.UsageFault_Handler
                0x0000000008000504        0x6 ./Core/Src/stm32f1xx_it.o
                0x0000000008000504                UsageFault_Handler
 .text.SVC_Handler
                0x000000000800050a        0xc ./Core/Src/stm32f1xx_it.o
                0x000000000800050a                SVC_Handler
 .text.DebugMon_Handler
                0x0000000008000516        0xc ./Core/Src/stm32f1xx_it.o
                0x0000000008000516                DebugMon_Handler
 .text.PendSV_Handler
                0x0000000008000522        0xc ./Core/Src/stm32f1xx_it.o
                0x0000000008000522                PendSV_Handler
 .text.SysTick_Handler
                0x000000000800052e        0xc ./Core/Src/stm32f1xx_it.o
                0x000000000800052e                SysTick_Handler
 .text.SystemInit
                0x000000000800053a        0xc ./Core/Src/system_stm32f1xx.o
                0x000000000800053a                SystemInit
 *fill*         0x0000000008000546        0x2 
 .text.Reset_Handler
                0x0000000008000548       0x48 ./Core/Startup/startup_stm32f103c8tx.o
                0x0000000008000548                Reset_Handler
 .text.Default_Handler
                0x0000000008000590        0x2 ./Core/Startup/startup_stm32f103c8tx.o
                0x0000000008000590                RTC_Alarm_IRQHandler
                0x0000000008000590                EXTI2_IRQHandler
                0x0000000008000590                TIM1_CC_IRQHandler
                0x0000000008000590                PVD_IRQHandler
                0x0000000008000590                EXTI3_IRQHandler
                0x0000000008000590                EXTI0_IRQHandler
                0x0000000008000590                I2C2_EV_IRQHandler
                0x0000000008000590                ADC1_2_IRQHandler
                0x0000000008000590                SPI1_IRQHandler
                0x0000000008000590                TAMPER_IRQHandler
                0x0000000008000590                DMA1_Channel4_IRQHandler
                0x0000000008000590                USART3_IRQHandler
                0x0000000008000590                RTC_IRQHandler
                0x0000000008000590                DMA1_Channel7_IRQHandler
                0x0000000008000590                CAN1_RX1_IRQHandler
                0x0000000008000590                TIM4_IRQHandler
                0x0000000008000590                I2C1_EV_IRQHandler
                0x0000000008000590                DMA1_Channel6_IRQHandler
                0x0000000008000590                TIM3_IRQHandler
                0x0000000008000590                RCC_IRQHandler
                0x0000000008000590                TIM1_TRG_COM_IRQHandler
                0x0000000008000590                DMA1_Channel1_IRQHandler
                0x0000000008000590                Default_Handler
                0x0000000008000590                EXTI15_10_IRQHandler
                0x0000000008000590                EXTI9_5_IRQHandler
                0x0000000008000590                SPI2_IRQHandler
                0x0000000008000590                DMA1_Channel5_IRQHandler
                0x0000000008000590                EXTI4_IRQHandler
                0x0000000008000590                USB_LP_CAN1_RX0_IRQHandler
                0x0000000008000590                USB_HP_CAN1_TX_IRQHandler
                0x0000000008000590                DMA1_Channel3_IRQHandler
                0x0000000008000590                TIM1_UP_IRQHandler
                0x0000000008000590                WWDG_IRQHandler
                0x0000000008000590                TIM2_IRQHandler
                0x0000000008000590                TIM1_BRK_IRQHandler
                0x0000000008000590                EXTI1_IRQHandler
                0x0000000008000590                USART2_IRQHandler
                0x0000000008000590                I2C2_ER_IRQHandler
                0x0000000008000590                DMA1_Channel2_IRQHandler
                0x0000000008000590                CAN1_SCE_IRQHandler
                0x0000000008000590                FLASH_IRQHandler
                0x0000000008000590                USART1_IRQHandler
                0x0000000008000590                I2C1_ER_IRQHandler
                0x0000000008000590                USBWakeUp_IRQHandler
 *fill*         0x0000000008000592        0x2 
 .text.HAL_Init
                0x0000000008000594       0x2c ./Drivers/STM32F1xx_HAL_Driver/Src/stm32f1xx_hal.o
                0x0000000008000594                HAL_Init
 .text.HAL_InitTick
                0x00000000080005c0       0x60 ./Drivers/STM32F1xx_HAL_Driver/Src/stm32f1xx_hal.o
                0x00000000080005c0                HAL_InitTick
 .text.HAL_IncTick
                0x0000000008000620       0x24 ./Drivers/STM32F1xx_HAL_Driver/Src/stm32f1xx_hal.o
                0x0000000008000620                HAL_IncTick
 .text.HAL_GetTick
                0x0000000008000644       0x14 ./Drivers/STM32F1xx_HAL_Driver/Src/stm32f1xx_hal.o
                0x0000000008000644                HAL_GetTick
 .text.HAL_Delay
                0x0000000008000658       0x48 ./Drivers/STM32F1xx_HAL_Driver/Src/stm32f1xx_hal.o
                0x0000000008000658                HAL_Delay
 .text.__NVIC_SetPriorityGrouping
                0x00000000080006a0       0x48 ./Drivers/STM32F1xx_HAL_Driver/Src/stm32f1xx_hal_cortex.o
 .text.__NVIC_GetPriorityGrouping
                0x00000000080006e8       0x1c ./Drivers/STM32F1xx_HAL_Driver/Src/stm32f1xx_hal_cortex.o
 .text.__NVIC_SetPriority
                0x0000000008000704       0x54 ./Drivers/STM32F1xx_HAL_Driver/Src/stm32f1xx_hal_cortex.o
 .text.NVIC_EncodePriority
                0x0000000008000758       0x64 ./Drivers/STM32F1xx_HAL_Driver/Src/stm32f1xx_hal_cortex.o
 .text.SysTick_Config
                0x00000000080007bc       0x44 ./Drivers/STM32F1xx_HAL_Driver/Src/stm32f1xx_hal_cortex.o
 .text.HAL_NVIC_SetPriorityGrouping
                0x0000000008000800       0x16 ./Drivers/STM32F1xx_HAL_Driver/Src/stm32f1xx_hal_cortex.o
                0x0000000008000800                HAL_NVIC_SetPriorityGrouping
 .text.HAL_NVIC_SetPriority
                0x0000000008000816       0x38 ./Drivers/STM32F1xx_HAL_Driver/Src/stm32f1xx_hal_cortex.o
                0x0000000008000816                HAL_NVIC_SetPriority
 .text.HAL_SYSTICK_Config
                0x000000000800084e       0x18 ./Drivers/STM32F1xx_HAL_Driver/Src/stm32f1xx_hal_cortex.o
                0x000000000800084e                HAL_SYSTICK_Config
 *fill*         0x0000000008000866        0x2 
 .text.HAL_GPIO_Init
                0x0000000008000868      0x308 ./Drivers/STM32F1xx_HAL_Driver/Src/stm32f1xx_hal_gpio.o
                0x0000000008000868                HAL_GPIO_Init
 .text.HAL_GPIO_WritePin
                0x0000000008000b70       0x30 ./Drivers/STM32F1xx_HAL_Driver/Src/stm32f1xx_hal_gpio.o
                0x0000000008000b70                HAL_GPIO_WritePin
 .text.HAL_I2C_Init
                0x0000000008000ba0      0x288 ./Drivers/STM32F1xx_HAL_Driver/Src/stm32f1xx_hal_i2c.o
                0x0000000008000ba0                HAL_I2C_Init
 .text.HAL_I2C_Master_Receive
                0x0000000008000e28      0x4d8 ./Drivers/STM32F1xx_HAL_Driver/Src/stm32f1xx_hal_i2c.o
                0x0000000008000e28                HAL_I2C_Master_Receive
 .text.I2C_MasterRequestRead
                0x0000000008001300      0x19c ./Drivers/STM32F1xx_HAL_Driver/Src/stm32f1xx_hal_i2c.o
 .text.I2C_WaitOnFlagUntilTimeout
                0x000000000800149c       0xf4 ./Drivers/STM32F1xx_HAL_Driver/Src/stm32f1xx_hal_i2c.o
 .text.I2C_WaitOnMasterAddressFlagUntilTimeout
                0x0000000008001590      0x140 ./Drivers/STM32F1xx_HAL_Driver/Src/stm32f1xx_hal_i2c.o
 .text.I2C_WaitOnRXNEFlagUntilTimeout
                0x00000000080016d0       0xba ./Drivers/STM32F1xx_HAL_Driver/Src/stm32f1xx_hal_i2c.o
 *fill*         0x000000000800178a        0x2 
 .text.HAL_RCC_OscConfig
                0x000000000800178c      0x504 ./Drivers/STM32F1xx_HAL_Driver/Src/stm32f1xx_hal_rcc.o
                0x000000000800178c                HAL_RCC_OscConfig
 .text.HAL_RCC_ClockConfig
                0x0000000008001c90      0x1d4 ./Drivers/STM32F1xx_HAL_Driver/Src/stm32f1xx_hal_rcc.o
                0x0000000008001c90                HAL_RCC_ClockConfig
 .text.HAL_RCC_GetSysClockFreq
                0x0000000008001e64       0xa8 ./Drivers/STM32F1xx_HAL_Driver/Src/stm32f1xx_hal_rcc.o
                0x0000000008001e64                HAL_RCC_GetSysClockFreq
 .text.HAL_RCC_GetHCLKFreq
                0x0000000008001f0c       0x14 ./Drivers/STM32F1xx_HAL_Driver/Src/stm32f1xx_hal_rcc.o
                0x0000000008001f0c                HAL_RCC_GetHCLKFreq
 .text.HAL_RCC_GetPCLK1Freq
                0x0000000008001f20       0x28 ./Drivers/STM32F1xx_HAL_Driver/Src/stm32f1xx_hal_rcc.o
                0x0000000008001f20                HAL_RCC_GetPCLK1Freq
 .text.HAL_RCC_GetPCLK2Freq
                0x0000000008001f48       0x28 ./Drivers/STM32F1xx_HAL_Driver/Src/stm32f1xx_hal_rcc.o
                0x0000000008001f48                HAL_RCC_GetPCLK2Freq
 .text.RCC_Delay
                0x0000000008001f70       0x3c ./Drivers/STM32F1xx_HAL_Driver/Src/stm32f1xx_hal_rcc.o
 .text.HAL_UART_Init
                0x0000000008001fac       0xa0 ./Drivers/STM32F1xx_HAL_Driver/Src/stm32f1xx_hal_uart.o
                0x0000000008001fac                HAL_UART_Init
 .text.UART_SetConfig
                0x000000000800204c      0x11c ./Drivers/STM32F1xx_HAL_Driver/Src/stm32f1xx_hal_uart.o
 .text.__libc_init_array
                0x0000000008002168       0x48 e:/programs/stm32cubeide_1.10.1/stm32cubeide/plugins/com.st.stm32cube.ide.mcu.externaltools.gnu-tools-for-stm32.10.3-2021.10.win32_1.0.0.202111181127/tools/bin/../lib/gcc/arm-none-eabi/10.3.1/../../../../arm-none-eabi/lib/thumb/v7-m/nofp\libc_nano.a(lib_a-init.o)
                0x0000000008002168                __libc_init_array
 .text.memset   0x00000000080021b0       0x10 e:/programs/stm32cubeide_1.10.1/stm32cubeide/plugins/com.st.stm32cube.ide.mcu.externaltools.gnu-tools-for-stm32.10.3-2021.10.win32_1.0.0.202111181127/tools/bin/../lib/gcc/arm-none-eabi/10.3.1/../../../../arm-none-eabi/lib/thumb/v7-m/nofp\libc_nano.a(lib_a-memset.o)
                0x00000000080021b0                memset
 *(.glue_7)
 .glue_7        0x00000000080021c0        0x0 linker stubs
 *(.glue_7t)
 .glue_7t       0x00000000080021c0        0x0 linker stubs
 *(.eh_frame)
 .eh_frame      0x00000000080021c0        0x0 e:/programs/stm32cubeide_1.10.1/stm32cubeide/plugins/com.st.stm32cube.ide.mcu.externaltools.gnu-tools-for-stm32.10.3-2021.10.win32_1.0.0.202111181127/tools/bin/../lib/gcc/arm-none-eabi/10.3.1/thumb/v7-m/nofp/crtbegin.o
 *(.init)
 .init          0x00000000080021c0        0x4 e:/programs/stm32cubeide_1.10.1/stm32cubeide/plugins/com.st.stm32cube.ide.mcu.externaltools.gnu-tools-for-stm32.10.3-2021.10.win32_1.0.0.202111181127/tools/bin/../lib/gcc/arm-none-eabi/10.3.1/thumb/v7-m/nofp/crti.o
                0x00000000080021c0                _init
 .init          0x00000000080021c4        0x8 e:/programs/stm32cubeide_1.10.1/stm32cubeide/plugins/com.st.stm32cube.ide.mcu.externaltools.gnu-tools-for-stm32.10.3-2021.10.win32_1.0.0.202111181127/tools/bin/../lib/gcc/arm-none-eabi/10.3.1/thumb/v7-m/nofp/crtn.o
 *(.fini)
 .fini          0x00000000080021cc        0x4 e:/programs/stm32cubeide_1.10.1/stm32cubeide/plugins/com.st.stm32cube.ide.mcu.externaltools.gnu-tools-for-stm32.10.3-2021.10.win32_1.0.0.202111181127/tools/bin/../lib/gcc/arm-none-eabi/10.3.1/thumb/v7-m/nofp/crti.o
                0x00000000080021cc                _fini
 .fini          0x00000000080021d0        0x8 e:/programs/stm32cubeide_1.10.1/stm32cubeide/plugins/com.st.stm32cube.ide.mcu.externaltools.gnu-tools-for-stm32.10.3-2021.10.win32_1.0.0.202111181127/tools/bin/../lib/gcc/arm-none-eabi/10.3.1/thumb/v7-m/nofp/crtn.o
                0x00000000080021d8                . = ALIGN (0x4)
                0x00000000080021d8                _etext = .

.vfp11_veneer   0x00000000080021d8        0x0
 .vfp11_veneer  0x00000000080021d8        0x0 linker stubs

.v4_bx          0x00000000080021d8        0x0
 .v4_bx         0x00000000080021d8        0x0 linker stubs

.iplt           0x00000000080021d8        0x0
 .iplt          0x00000000080021d8        0x0 e:/programs/stm32cubeide_1.10.1/stm32cubeide/plugins/com.st.stm32cube.ide.mcu.externaltools.gnu-tools-for-stm32.10.3-2021.10.win32_1.0.0.202111181127/tools/bin/../lib/gcc/arm-none-eabi/10.3.1/thumb/v7-m/nofp/crtbegin.o

.rodata         0x00000000080021d8       0x2c
                0x00000000080021d8                . = ALIGN (0x4)
 *(.rodata)
 *(.rodata*)
 .rodata.AHBPrescTable
                0x00000000080021d8       0x10 ./Core/Src/system_stm32f1xx.o
                0x00000000080021d8                AHBPrescTable
 .rodata.APBPrescTable
                0x00000000080021e8        0x8 ./Core/Src/system_stm32f1xx.o
                0x00000000080021e8                APBPrescTable
 .rodata.aPLLMULFactorTable.1
                0x00000000080021f0       0x10 ./Drivers/STM32F1xx_HAL_Driver/Src/stm32f1xx_hal_rcc.o
 .rodata.aPredivFactorTable.0
                0x0000000008002200        0x2 ./Drivers/STM32F1xx_HAL_Driver/Src/stm32f1xx_hal_rcc.o
                0x0000000008002204                . = ALIGN (0x4)
 *fill*         0x0000000008002202        0x2 

.rel.dyn        0x0000000008002204        0x0
 .rel.iplt      0x0000000008002204        0x0 e:/programs/stm32cubeide_1.10.1/stm32cubeide/plugins/com.st.stm32cube.ide.mcu.externaltools.gnu-tools-for-stm32.10.3-2021.10.win32_1.0.0.202111181127/tools/bin/../lib/gcc/arm-none-eabi/10.3.1/thumb/v7-m/nofp/crtbegin.o

.ARM.extab      0x0000000008002204        0x0
                0x0000000008002204                . = ALIGN (0x4)
 *(.ARM.extab* .gnu.linkonce.armextab.*)
                0x0000000008002204                . = ALIGN (0x4)

.ARM            0x0000000008002204        0x0
                0x0000000008002204                . = ALIGN (0x4)
                0x0000000008002204                __exidx_start = .
 *(.ARM.exidx*)
                0x0000000008002204                __exidx_end = .
                0x0000000008002204                . = ALIGN (0x4)

.preinit_array  0x0000000008002204        0x0
                0x0000000008002204                . = ALIGN (0x4)
                0x0000000008002204                PROVIDE (__preinit_array_start = .)
 *(.preinit_array*)
                0x0000000008002204                PROVIDE (__preinit_array_end = .)
                0x0000000008002204                . = ALIGN (0x4)

.init_array     0x0000000008002204        0x4
                0x0000000008002204                . = ALIGN (0x4)
                0x0000000008002204                PROVIDE (__init_array_start = .)
 *(SORT_BY_NAME(.init_array.*))
 *(.init_array*)
 .init_array    0x0000000008002204        0x4 e:/programs/stm32cubeide_1.10.1/stm32cubeide/plugins/com.st.stm32cube.ide.mcu.externaltools.gnu-tools-for-stm32.10.3-2021.10.win32_1.0.0.202111181127/tools/bin/../lib/gcc/arm-none-eabi/10.3.1/thumb/v7-m/nofp/crtbegin.o
                0x0000000008002208                PROVIDE (__init_array_end = .)
                0x0000000008002208                . = ALIGN (0x4)

.fini_array     0x0000000008002208        0x4
                0x0000000008002208                . = ALIGN (0x4)
                [!provide]                        PROVIDE (__fini_array_start = .)
 *(SORT_BY_NAME(.fini_array.*))
 *(.fini_array*)
 .fini_array    0x0000000008002208        0x4 e:/programs/stm32cubeide_1.10.1/stm32cubeide/plugins/com.st.stm32cube.ide.mcu.externaltools.gnu-tools-for-stm32.10.3-2021.10.win32_1.0.0.202111181127/tools/bin/../lib/gcc/arm-none-eabi/10.3.1/thumb/v7-m/nofp/crtbegin.o
                [!provide]                        PROVIDE (__fini_array_end = .)
                0x000000000800220c                . = ALIGN (0x4)
                0x000000000800220c                _sidata = LOADADDR (.data)

.data           0x0000000020000000       0x10 load address 0x000000000800220c
                0x0000000020000000                . = ALIGN (0x4)
                0x0000000020000000                _sdata = .
 *(.data)
 *(.data*)
 .data.ADDRESS_MAIN
                0x0000000020000000        0x1 ./Core/Src/main.o
                0x0000000020000000                ADDRESS_MAIN
 .data.ADDRESS_TTC
                0x0000000020000001        0x1 ./Core/Src/main.o
                0x0000000020000001                ADDRESS_TTC
 *fill*         0x0000000020000002        0x2 
 .data.SystemCoreClock
                0x0000000020000004        0x4 ./Core/Src/system_stm32f1xx.o
                0x0000000020000004                SystemCoreClock
 .data.uwTickPrio
                0x0000000020000008        0x4 ./Drivers/STM32F1xx_HAL_Driver/Src/stm32f1xx_hal.o
                0x0000000020000008                uwTickPrio
 .data.uwTickFreq
                0x000000002000000c        0x1 ./Drivers/STM32F1xx_HAL_Driver/Src/stm32f1xx_hal.o
                0x000000002000000c                uwTickFreq
 *(.RamFunc)
 *(.RamFunc*)
                0x0000000020000010                . = ALIGN (0x4)
 *fill*         0x000000002000000d        0x3 
                0x0000000020000010                _edata = .

.igot.plt       0x0000000020000010        0x0 load address 0x000000000800221c
 .igot.plt      0x0000000020000010        0x0 e:/programs/stm32cubeide_1.10.1/stm32cubeide/plugins/com.st.stm32cube.ide.mcu.externaltools.gnu-tools-for-stm32.10.3-2021.10.win32_1.0.0.202111181127/tools/bin/../lib/gcc/arm-none-eabi/10.3.1/thumb/v7-m/nofp/crtbegin.o
                0x0000000020000010                . = ALIGN (0x4)

.bss            0x0000000020000010       0xf0 load address 0x000000000800221c
                0x0000000020000010                _sbss = .
                0x0000000020000010                __bss_start__ = _sbss
 *(.bss)
 .bss           0x0000000020000010       0x1c e:/programs/stm32cubeide_1.10.1/stm32cubeide/plugins/com.st.stm32cube.ide.mcu.externaltools.gnu-tools-for-stm32.10.3-2021.10.win32_1.0.0.202111181127/tools/bin/../lib/gcc/arm-none-eabi/10.3.1/thumb/v7-m/nofp/crtbegin.o
 *(.bss*)
 .bss.hi2c1     0x000000002000002c       0x54 ./Core/Src/main.o
                0x000000002000002c                hi2c1
 .bss.huart1    0x0000000020000080       0x48 ./Core/Src/main.o
                0x0000000020000080                huart1
 .bss.i2cRxBuf  0x00000000200000c8       0x32 ./Core/Src/main.o
                0x00000000200000c8                i2cRxBuf
 *fill*         0x00000000200000fa        0x2 
 .bss.uwTick    0x00000000200000fc        0x4 ./Drivers/STM32F1xx_HAL_Driver/Src/stm32f1xx_hal.o
                0x00000000200000fc                uwTick
 *(COMMON)
                0x0000000020000100                . = ALIGN (0x4)
                0x0000000020000100                _ebss = .
                0x0000000020000100                __bss_end__ = _ebss

._user_heap_stack
                0x0000000020000100      0x600 load address 0x000000000800221c
                0x0000000020000100                . = ALIGN (0x8)
                [!provide]                        PROVIDE (end = .)
                0x0000000020000100                PROVIDE (_end = .)
                0x0000000020000300                . = (. + _Min_Heap_Size)
 *fill*         0x0000000020000100      0x200 
                0x0000000020000700                . = (. + _Min_Stack_Size)
 *fill*         0x0000000020000300      0x400 
                0x0000000020000700                . = ALIGN (0x8)

/DISCARD/
 libc.a(*)
 libm.a(*)
 libgcc.a(*)

.ARM.attributes
                0x0000000000000000       0x29
 *(.ARM.attributes)
 .ARM.attributes
                0x0000000000000000       0x1d e:/programs/stm32cubeide_1.10.1/stm32cubeide/plugins/com.st.stm32cube.ide.mcu.externaltools.gnu-tools-for-stm32.10.3-2021.10.win32_1.0.0.202111181127/tools/bin/../lib/gcc/arm-none-eabi/10.3.1/thumb/v7-m/nofp/crti.o
 .ARM.attributes
                0x000000000000001d       0x2d e:/programs/stm32cubeide_1.10.1/stm32cubeide/plugins/com.st.stm32cube.ide.mcu.externaltools.gnu-tools-for-stm32.10.3-2021.10.win32_1.0.0.202111181127/tools/bin/../lib/gcc/arm-none-eabi/10.3.1/thumb/v7-m/nofp/crtbegin.o
 .ARM.attributes
                0x000000000000004a       0x2d ./Core/Src/main.o
 .ARM.attributes
                0x0000000000000077       0x2d ./Core/Src/stm32f1xx_hal_msp.o
 .ARM.attributes
                0x00000000000000a4       0x2d ./Core/Src/stm32f1xx_it.o
 .ARM.attributes
                0x00000000000000d1       0x2d ./Core/Src/system_stm32f1xx.o
 .ARM.attributes
                0x00000000000000fe       0x21 ./Core/Startup/startup_stm32f103c8tx.o
 .ARM.attributes
                0x000000000000011f       0x2d ./Drivers/STM32F1xx_HAL_Driver/Src/stm32f1xx_hal.o
 .ARM.attributes
                0x000000000000014c       0x2d ./Drivers/STM32F1xx_HAL_Driver/Src/stm32f1xx_hal_cortex.o
 .ARM.attributes
                0x0000000000000179       0x2d ./Drivers/STM32F1xx_HAL_Driver/Src/stm32f1xx_hal_gpio.o
 .ARM.attributes
                0x00000000000001a6       0x2d ./Drivers/STM32F1xx_HAL_Driver/Src/stm32f1xx_hal_i2c.o
 .ARM.attributes
                0x00000000000001d3       0x2d ./Drivers/STM32F1xx_HAL_Driver/Src/stm32f1xx_hal_rcc.o
 .ARM.attributes
                0x0000000000000200       0x2d ./Drivers/STM32F1xx_HAL_Driver/Src/stm32f1xx_hal_uart.o
 .ARM.attributes
                0x000000000000022d       0x2d e:/programs/stm32cubeide_1.10.1/stm32cubeide/plugins/com.st.stm32cube.ide.mcu.externaltools.gnu-tools-for-stm32.10.3-2021.10.win32_1.0.0.202111181127/tools/bin/../lib/gcc/arm-none-eabi/10.3.1/../../../../arm-none-eabi/lib/thumb/v7-m/nofp\libc_nano.a(lib_a-init.o)
 .ARM.attributes
                0x000000000000025a       0x2d e:/programs/stm32cubeide_1.10.1/stm32cubeide/plugins/com.st.stm32cube.ide.mcu.externaltools.gnu-tools-for-stm32.10.3-2021.10.win32_1.0.0.202111181127/tools/bin/../lib/gcc/arm-none-eabi/10.3.1/../../../../arm-none-eabi/lib/thumb/v7-m/nofp\libc_nano.a(lib_a-memset.o)
 .ARM.attributes
                0x0000000000000287       0x1d e:/programs/stm32cubeide_1.10.1/stm32cubeide/plugins/com.st.stm32cube.ide.mcu.externaltools.gnu-tools-for-stm32.10.3-2021.10.win32_1.0.0.202111181127/tools/bin/../lib/gcc/arm-none-eabi/10.3.1/thumb/v7-m/nofp/crtn.o
OUTPUT(F103C8T6.elf elf32-littlearm)
LOAD linker stubs
LOAD e:/programs/stm32cubeide_1.10.1/stm32cubeide/plugins/com.st.stm32cube.ide.mcu.externaltools.gnu-tools-for-stm32.10.3-2021.10.win32_1.0.0.202111181127/tools/bin/../lib/gcc/arm-none-eabi/10.3.1/../../../../arm-none-eabi/lib/thumb/v7-m/nofp\libc.a
LOAD e:/programs/stm32cubeide_1.10.1/stm32cubeide/plugins/com.st.stm32cube.ide.mcu.externaltools.gnu-tools-for-stm32.10.3-2021.10.win32_1.0.0.202111181127/tools/bin/../lib/gcc/arm-none-eabi/10.3.1/../../../../arm-none-eabi/lib/thumb/v7-m/nofp\libm.a
LOAD e:/programs/stm32cubeide_1.10.1/stm32cubeide/plugins/com.st.stm32cube.ide.mcu.externaltools.gnu-tools-for-stm32.10.3-2021.10.win32_1.0.0.202111181127/tools/bin/../lib/gcc/arm-none-eabi/10.3.1/thumb/v7-m/nofp\libgcc.a

.debug_info     0x0000000000000000     0x9742
 .debug_info    0x0000000000000000      0xe38 ./Core/Src/main.o
 .debug_info    0x0000000000000e38      0xba8 ./Core/Src/stm32f1xx_hal_msp.o
 .debug_info    0x00000000000019e0      0x122 ./Core/Src/stm32f1xx_it.o
 .debug_info    0x0000000000001b02      0x23d ./Core/Src/system_stm32f1xx.o
 .debug_info    0x0000000000001d3f       0x22 ./Core/Startup/startup_stm32f103c8tx.o
 .debug_info    0x0000000000001d61      0x734 ./Drivers/STM32F1xx_HAL_Driver/Src/stm32f1xx_hal.o
 .debug_info    0x0000000000002495      0xb20 ./Drivers/STM32F1xx_HAL_Driver/Src/stm32f1xx_hal_cortex.o
 .debug_info    0x0000000000002fb5      0x615 ./Drivers/STM32F1xx_HAL_Driver/Src/stm32f1xx_hal_gpio.o
 .debug_info    0x00000000000035ca     0x2761 ./Drivers/STM32F1xx_HAL_Driver/Src/stm32f1xx_hal_i2c.o
 .debug_info    0x0000000000005d2b      0x865 ./Drivers/STM32F1xx_HAL_Driver/Src/stm32f1xx_hal_rcc.o
 .debug_info    0x0000000000006590     0x31b2 ./Drivers/STM32F1xx_HAL_Driver/Src/stm32f1xx_hal_uart.o

.debug_abbrev   0x0000000000000000     0x1497
 .debug_abbrev  0x0000000000000000      0x289 ./Core/Src/main.o
 .debug_abbrev  0x0000000000000289      0x19b ./Core/Src/stm32f1xx_hal_msp.o
 .debug_abbrev  0x0000000000000424       0x74 ./Core/Src/stm32f1xx_it.o
 .debug_abbrev  0x0000000000000498      0x13b ./Core/Src/system_stm32f1xx.o
 .debug_abbrev  0x00000000000005d3       0x12 ./Core/Startup/startup_stm32f103c8tx.o
 .debug_abbrev  0x00000000000005e5      0x1fb ./Drivers/STM32F1xx_HAL_Driver/Src/stm32f1xx_hal.o
 .debug_abbrev  0x00000000000007e0      0x2ed ./Drivers/STM32F1xx_HAL_Driver/Src/stm32f1xx_hal_cortex.o
 .debug_abbrev  0x0000000000000acd      0x1bb ./Drivers/STM32F1xx_HAL_Driver/Src/stm32f1xx_hal_gpio.o
 .debug_abbrev  0x0000000000000c88      0x288 ./Drivers/STM32F1xx_HAL_Driver/Src/stm32f1xx_hal_i2c.o
 .debug_abbrev  0x0000000000000f10      0x2a8 ./Drivers/STM32F1xx_HAL_Driver/Src/stm32f1xx_hal_rcc.o
 .debug_abbrev  0x00000000000011b8      0x2df ./Drivers/STM32F1xx_HAL_Driver/Src/stm32f1xx_hal_uart.o

.debug_aranges  0x0000000000000000      0x8c0
 .debug_aranges
                0x0000000000000000       0x58 ./Core/Src/main.o
 .debug_aranges
                0x0000000000000058       0x40 ./Core/Src/stm32f1xx_hal_msp.o
 .debug_aranges
                0x0000000000000098       0x60 ./Core/Src/stm32f1xx_it.o
 .debug_aranges
                0x00000000000000f8       0x28 ./Core/Src/system_stm32f1xx.o
 .debug_aranges
                0x0000000000000120       0x28 ./Core/Startup/startup_stm32f103c8tx.o
 .debug_aranges
                0x0000000000000148       0xe0 ./Drivers/STM32F1xx_HAL_Driver/Src/stm32f1xx_hal.o
 .debug_aranges
                0x0000000000000228      0x100 ./Drivers/STM32F1xx_HAL_Driver/Src/stm32f1xx_hal_cortex.o
 .debug_aranges
                0x0000000000000328       0x58 ./Drivers/STM32F1xx_HAL_Driver/Src/stm32f1xx_hal_gpio.o
 .debug_aranges
                0x0000000000000380      0x2a8 ./Drivers/STM32F1xx_HAL_Driver/Src/stm32f1xx_hal_i2c.o
 .debug_aranges
                0x0000000000000628       0x90 ./Drivers/STM32F1xx_HAL_Driver/Src/stm32f1xx_hal_rcc.o
 .debug_aranges
                0x00000000000006b8      0x208 ./Drivers/STM32F1xx_HAL_Driver/Src/stm32f1xx_hal_uart.o

.debug_ranges   0x0000000000000000      0x860
 .debug_ranges  0x0000000000000000       0x48 ./Core/Src/main.o
 .debug_ranges  0x0000000000000048       0x30 ./Core/Src/stm32f1xx_hal_msp.o
 .debug_ranges  0x0000000000000078       0x50 ./Core/Src/stm32f1xx_it.o
 .debug_ranges  0x00000000000000c8       0x18 ./Core/Src/system_stm32f1xx.o
 .debug_ranges  0x00000000000000e0       0x20 ./Core/Startup/startup_stm32f103c8tx.o
 .debug_ranges  0x0000000000000100       0xd0 ./Drivers/STM32F1xx_HAL_Driver/Src/stm32f1xx_hal.o
 .debug_ranges  0x00000000000001d0       0xf0 ./Drivers/STM32F1xx_HAL_Driver/Src/stm32f1xx_hal_cortex.o
 .debug_ranges  0x00000000000002c0       0x48 ./Drivers/STM32F1xx_HAL_Driver/Src/stm32f1xx_hal_gpio.o
 .debug_ranges  0x0000000000000308      0x2b0 ./Drivers/STM32F1xx_HAL_Driver/Src/stm32f1xx_hal_i2c.o
 .debug_ranges  0x00000000000005b8       0x80 ./Drivers/STM32F1xx_HAL_Driver/Src/stm32f1xx_hal_rcc.o
 .debug_ranges  0x0000000000000638      0x228 ./Drivers/STM32F1xx_HAL_Driver/Src/stm32f1xx_hal_uart.o

.debug_macro    0x0000000000000000    0x16a20
 .debug_macro   0x0000000000000000      0x275 ./Core/Src/main.o
 .debug_macro   0x0000000000000275      0xa6c ./Core/Src/main.o
 .debug_macro   0x0000000000000ce1      0x21b ./Core/Src/main.o
 .debug_macro   0x0000000000000efc       0x2e ./Core/Src/main.o
 .debug_macro   0x0000000000000f2a       0x22 ./Core/Src/main.o
 .debug_macro   0x0000000000000f4c       0x22 ./Core/Src/main.o
 .debug_macro   0x0000000000000f6e       0x8e ./Core/Src/main.o
 .debug_macro   0x0000000000000ffc       0x51 ./Core/Src/main.o
 .debug_macro   0x000000000000104d      0x103 ./Core/Src/main.o
 .debug_macro   0x0000000000001150       0x6a ./Core/Src/main.o
 .debug_macro   0x00000000000011ba      0x1df ./Core/Src/main.o
 .debug_macro   0x0000000000001399       0x1c ./Core/Src/main.o
 .debug_macro   0x00000000000013b5       0x22 ./Core/Src/main.o
 .debug_macro   0x00000000000013d7       0xbd ./Core/Src/main.o
 .debug_macro   0x0000000000001494      0xd23 ./Core/Src/main.o
 .debug_macro   0x00000000000021b7     0xe09e ./Core/Src/main.o
 .debug_macro   0x0000000000010255       0x6d ./Core/Src/main.o
 .debug_macro   0x00000000000102c2     0x348d ./Core/Src/main.o
 .debug_macro   0x000000000001374f      0x174 ./Core/Src/main.o
 .debug_macro   0x00000000000138c3       0x5c ./Core/Src/main.o
 .debug_macro   0x000000000001391f      0x5bc ./Core/Src/main.o
 .debug_macro   0x0000000000013edb      0x289 ./Core/Src/main.o
 .debug_macro   0x0000000000014164      0x1cb ./Core/Src/main.o
 .debug_macro   0x000000000001432f      0x114 ./Core/Src/main.o
 .debug_macro   0x0000000000014443      0x1b2 ./Core/Src/main.o
 .debug_macro   0x00000000000145f5       0x27 ./Core/Src/main.o
 .debug_macro   0x000000000001461c      0x136 ./Core/Src/main.o
 .debug_macro   0x0000000000014752      0x1bc ./Core/Src/main.o
 .debug_macro   0x000000000001490e       0x34 ./Core/Src/main.o
 .debug_macro   0x0000000000014942       0x3c ./Core/Src/main.o
 .debug_macro   0x000000000001497e       0x57 ./Core/Src/main.o
 .debug_macro   0x00000000000149d5       0x87 ./Core/Src/main.o
 .debug_macro   0x0000000000014a5c      0x240 ./Core/Src/main.o
 .debug_macro   0x0000000000014c9c      0x287 ./Core/Src/main.o
 .debug_macro   0x0000000000014f23      0x140 ./Core/Src/main.o
 .debug_macro   0x0000000000015063      0x28e ./Core/Src/main.o
 .debug_macro   0x00000000000152f1       0x83 ./Core/Src/main.o
 .debug_macro   0x0000000000015374       0x10 ./Core/Src/main.o
 .debug_macro   0x0000000000015384       0x52 ./Core/Src/main.o
 .debug_macro   0x00000000000153d6       0x18 ./Core/Src/main.o
 .debug_macro   0x00000000000153ee       0x3c ./Core/Src/main.o
 .debug_macro   0x000000000001542a       0x34 ./Core/Src/main.o
 .debug_macro   0x000000000001545e       0x16 ./Core/Src/main.o
 .debug_macro   0x0000000000015474       0x43 ./Core/Src/main.o
 .debug_macro   0x00000000000154b7       0x34 ./Core/Src/main.o
 .debug_macro   0x00000000000154eb       0x10 ./Core/Src/main.o
 .debug_macro   0x00000000000154fb       0x58 ./Core/Src/main.o
 .debug_macro   0x0000000000015553       0x71 ./Core/Src/main.o
 .debug_macro   0x00000000000155c4       0x1c ./Core/Src/main.o
 .debug_macro   0x00000000000155e0      0x12a ./Core/Src/main.o
 .debug_macro   0x000000000001570a      0x341 ./Core/Src/main.o
 .debug_macro   0x0000000000015a4b       0x10 ./Core/Src/main.o
 .debug_macro   0x0000000000015a5b       0x35 ./Core/Src/main.o
 .debug_macro   0x0000000000015a90       0x20 ./Core/Src/main.o
 .debug_macro   0x0000000000015ab0      0x1a7 ./Core/Src/stm32f1xx_hal_msp.o
 .debug_macro   0x0000000000015c57      0x1b1 ./Core/Src/stm32f1xx_it.o
 .debug_macro   0x0000000000015e08      0x198 ./Core/Src/system_stm32f1xx.o
 .debug_macro   0x0000000000015fa0      0x1bc ./Drivers/STM32F1xx_HAL_Driver/Src/stm32f1xx_hal.o
 .debug_macro   0x000000000001615c      0x198 ./Drivers/STM32F1xx_HAL_Driver/Src/stm32f1xx_hal_cortex.o
 .debug_macro   0x00000000000162f4      0x203 ./Drivers/STM32F1xx_HAL_Driver/Src/stm32f1xx_hal_gpio.o
 .debug_macro   0x00000000000164f7      0x1e6 ./Drivers/STM32F1xx_HAL_Driver/Src/stm32f1xx_hal_i2c.o
 .debug_macro   0x00000000000166dd      0x1aa ./Drivers/STM32F1xx_HAL_Driver/Src/stm32f1xx_hal_rcc.o
 .debug_macro   0x0000000000016887      0x199 ./Drivers/STM32F1xx_HAL_Driver/Src/stm32f1xx_hal_uart.o

.debug_line     0x0000000000000000     0xac9f
 .debug_line    0x0000000000000000      0x926 ./Core/Src/main.o
 .debug_line    0x0000000000000926      0x70d ./Core/Src/stm32f1xx_hal_msp.o
 .debug_line    0x0000000000001033      0x732 ./Core/Src/stm32f1xx_it.o
 .debug_line    0x0000000000001765      0x6ee ./Core/Src/system_stm32f1xx.o
 .debug_line    0x0000000000001e53       0x86 ./Core/Startup/startup_stm32f103c8tx.o
 .debug_line    0x0000000000001ed9      0x91b ./Drivers/STM32F1xx_HAL_Driver/Src/stm32f1xx_hal.o
 .debug_line    0x00000000000027f4      0xb03 ./Drivers/STM32F1xx_HAL_Driver/Src/stm32f1xx_hal_cortex.o
 .debug_line    0x00000000000032f7      0x9b4 ./Drivers/STM32F1xx_HAL_Driver/Src/stm32f1xx_hal_gpio.o
 .debug_line    0x0000000000003cab     0x3a81 ./Drivers/STM32F1xx_HAL_Driver/Src/stm32f1xx_hal_i2c.o
 .debug_line    0x000000000000772c      0xd27 ./Drivers/STM32F1xx_HAL_Driver/Src/stm32f1xx_hal_rcc.o
 .debug_line    0x0000000000008453     0x284c ./Drivers/STM32F1xx_HAL_Driver/Src/stm32f1xx_hal_uart.o

.debug_str      0x0000000000000000    0x83605
 .debug_str     0x0000000000000000    0x81438 ./Core/Src/main.o
                                      0x81830 (size before relaxing)
 .debug_str     0x0000000000081438       0xbb ./Core/Src/stm32f1xx_hal_msp.o
                                      0x7e7e3 (size before relaxing)
 .debug_str     0x00000000000814f3       0xc9 ./Core/Src/stm32f1xx_it.o
                                      0x7e0db (size before relaxing)
 .debug_str     0x00000000000815bc       0x7e ./Core/Src/system_stm32f1xx.o
                                      0x7e0c9 (size before relaxing)
 .debug_str     0x000000000008163a       0x36 ./Core/Startup/startup_stm32f103c8tx.o
                                         0x75 (size before relaxing)
 .debug_str     0x0000000000081670      0x607 ./Drivers/STM32F1xx_HAL_Driver/Src/stm32f1xx_hal.o
                                      0x7e7fc (size before relaxing)
 .debug_str     0x0000000000081c77      0x2bb ./Drivers/STM32F1xx_HAL_Driver/Src/stm32f1xx_hal_cortex.o
                                      0x7e748 (size before relaxing)
 .debug_str     0x0000000000081f32      0x2e6 ./Drivers/STM32F1xx_HAL_Driver/Src/stm32f1xx_hal_gpio.o
                                      0x7e44f (size before relaxing)
 .debug_str     0x0000000000082218      0xbc9 ./Drivers/STM32F1xx_HAL_Driver/Src/stm32f1xx_hal_i2c.o
                                      0x7f190 (size before relaxing)
 .debug_str     0x0000000000082de1      0x209 ./Drivers/STM32F1xx_HAL_Driver/Src/stm32f1xx_hal_rcc.o
                                      0x7e4f8 (size before relaxing)
 .debug_str     0x0000000000082fea      0x61b ./Drivers/STM32F1xx_HAL_Driver/Src/stm32f1xx_hal_uart.o
                                      0x7eb69 (size before relaxing)

.comment        0x0000000000000000       0x50
 .comment       0x0000000000000000       0x50 ./Core/Src/main.o
                                         0x51 (size before relaxing)
 .comment       0x0000000000000050       0x51 ./Core/Src/stm32f1xx_hal_msp.o
 .comment       0x0000000000000050       0x51 ./Core/Src/stm32f1xx_it.o
 .comment       0x0000000000000050       0x51 ./Core/Src/system_stm32f1xx.o
 .comment       0x0000000000000050       0x51 ./Drivers/STM32F1xx_HAL_Driver/Src/stm32f1xx_hal.o
 .comment       0x0000000000000050       0x51 ./Drivers/STM32F1xx_HAL_Driver/Src/stm32f1xx_hal_cortex.o
 .comment       0x0000000000000050       0x51 ./Drivers/STM32F1xx_HAL_Driver/Src/stm32f1xx_hal_gpio.o
 .comment       0x0000000000000050       0x51 ./Drivers/STM32F1xx_HAL_Driver/Src/stm32f1xx_hal_i2c.o
 .comment       0x0000000000000050       0x51 ./Drivers/STM32F1xx_HAL_Driver/Src/stm32f1xx_hal_rcc.o
 .comment       0x0000000000000050       0x51 ./Drivers/STM32F1xx_HAL_Driver/Src/stm32f1xx_hal_uart.o

.debug_frame    0x0000000000000000     0x2408
 .debug_frame   0x0000000000000000      0x110 ./Core/Src/main.o
 .debug_frame   0x0000000000000110       0xc8 ./Core/Src/stm32f1xx_hal_msp.o
 .debug_frame   0x00000000000001d8      0x104 ./Core/Src/stm32f1xx_it.o
 .debug_frame   0x00000000000002dc       0x58 ./Core/Src/system_stm32f1xx.o
 .debug_frame   0x0000000000000334      0x334 ./Drivers/STM32F1xx_HAL_Driver/Src/stm32f1xx_hal.o
 .debug_frame   0x0000000000000668      0x428 ./Drivers/STM32F1xx_HAL_Driver/Src/stm32f1xx_hal_cortex.o
 .debug_frame   0x0000000000000a90      0x14c ./Drivers/STM32F1xx_HAL_Driver/Src/stm32f1xx_hal_gpio.o
 .debug_frame   0x0000000000000bdc      0xc84 ./Drivers/STM32F1xx_HAL_Driver/Src/stm32f1xx_hal_i2c.o
 .debug_frame   0x0000000000001860      0x218 ./Drivers/STM32F1xx_HAL_Driver/Src/stm32f1xx_hal_rcc.o
 .debug_frame   0x0000000000001a78      0x944 ./Drivers/STM32F1xx_HAL_Driver/Src/stm32f1xx_hal_uart.o
 .debug_frame   0x00000000000023bc       0x2c e:/programs/stm32cubeide_1.10.1/stm32cubeide/plugins/com.st.stm32cube.ide.mcu.externaltools.gnu-tools-for-stm32.10.3-2021.10.win32_1.0.0.202111181127/tools/bin/../lib/gcc/arm-none-eabi/10.3.1/../../../../arm-none-eabi/lib/thumb/v7-m/nofp\libc_nano.a(lib_a-init.o)
 .debug_frame   0x00000000000023e8       0x20 e:/programs/stm32cubeide_1.10.1/stm32cubeide/plugins/com.st.stm32cube.ide.mcu.externaltools.gnu-tools-for-stm32.10.3-2021.10.win32_1.0.0.202111181127/tools/bin/../lib/gcc/arm-none-eabi/10.3.1/../../../../arm-none-eabi/lib/thumb/v7-m/nofp\libc_nano.a(lib_a-memset.o)
