04:13:38 **** Incremental Build of configuration Debug for project F446ZET6_2 ****
make -j16 all 
arm-none-eabi-gcc "../Core/Src/main.c" -mcpu=cortex-m4 -std=gnu11 -g3 -DDEBUG -DUSE_HAL_DRIVER -DSTM32F446xx -c -I../Core/Inc -I../Drivers/STM32F4xx_HAL_Driver/Inc -I../Drivers/STM32F4xx_HAL_Driver/Inc/Legacy -I../Drivers/CMSIS/Device/ST/STM32F4xx/Include -I../Drivers/CMSIS/Include -O0 -ffunction-sections -fdata-sections -Wall -fstack-usage -MMD -MP -MF"Core/Src/main.d" -MT"Core/Src/main.o" --specs=nano.specs -mfpu=fpv4-sp-d16 -mfloat-abi=hard -mthumb -o "Core/Src/main.o"
../Core/Src/main.c: In function 'serialPrint':
../Core/Src/main.c:68:16: warning: implicit declaration of function 'strlen' [-Wimplicit-function-declaration]
   68 |  uint8_t len = strlen(string);
      |                ^~~~~~
../Core/Src/main.c:68:16: warning: incompatible implicit declaration of built-in function 'strlen'
../Core/Src/main.c:21:1: note: include '<string.h>' or provide a declaration of 'strlen'
   20 | #include "main.h"
  +++ |+#include <string.h>
   21 | 
../Core/Src/main.c: In function 'main':
../Core/Src/main.c:127:31: warning: cast to pointer from integer of different size [-Wint-to-pointer-cast]
  127 |    HAL_UART_Transmit(&huart1, (uint8_t *)adcVal, sizeof(adcVal), 5000);
      |                               ^
arm-none-eabi-gcc -o "F446ZET6_2.elf" @"objects.list"   -mcpu=cortex-m4 -T"E:\Kampus\TA\Code\Capstone-OBC_TTC\OBC\Cube IDE\F446ZET6_2\STM32F446ZETX_FLASH.ld" --specs=nosys.specs -Wl,-Map="F446ZET6_2.map" -Wl,--gc-sections -static --specs=nano.specs -mfpu=fpv4-sp-d16 -mfloat-abi=hard -mthumb -u _printf_float -Wl,--start-group -lc -lm -Wl,--end-group
Finished building target: F446ZET6_2.elf
 
arm-none-eabi-size   F446ZET6_2.elf 
arm-none-eabi-objdump -h -S  F446ZET6_2.elf  > "F446ZET6_2.list"
   text	   data	    bss	    dec	    hex	filename
  26584	    484	   1820	  28888	   70d8	F446ZET6_2.elf
Finished building: default.size.stdout
 
Finished building: F446ZET6_2.list
 

04:13:38 Build Finished. 0 errors, 3 warnings. (took 587ms)

