03:03:02 **** Incremental Build of configuration Debug for project F446ZET6 ****
make -j16 all 
arm-none-eabi-gcc "../Core/Src/main.c" -mcpu=cortex-m4 -std=gnu11 -g3 -DDEBUG -DUSE_HAL_DRIVER -DSTM32F446xx -c -I../Core/Inc -I../Drivers/STM32F4xx_HAL_Driver/Inc -I../Drivers/STM32F4xx_HAL_Driver/Inc/Legacy -I../Drivers/CMSIS/Device/ST/STM32F4xx/Include -I../Drivers/CMSIS/Include -O0 -ffunction-sections -fdata-sections -Wall -fstack-usage -fcyclomatic-complexity -MMD -MP -MF"Core/Src/main.d" -MT"Core/Src/main.o" --specs=nano.specs -mfpu=fpv4-sp-d16 -mfloat-abi=hard -mthumb -o "Core/Src/main.o"
../Core/Src/main.c: In function 'main':
../Core/Src/main.c:229:28: warning: format '%f' expects argument of type 'double', but argument 2 has type 'int' [-Wformat=]
  229 |   printf("Error Rate    : %f\n\n\r", (error/valid)*100);
      |                           ~^         ~~~~~~~~~~~~~~~~~
      |                            |                      |
      |                            double                 int
      |                           %d
arm-none-eabi-gcc -o "F446ZET6.elf" @"objects.list"   -mcpu=cortex-m4 -T"E:\Kampus\TA\Code\Capstone-OBC_TTC\OBC\Cube IDE\F446ZET6\STM32F446ZETX_FLASH.ld" --specs=nosys.specs -Wl,-Map="F446ZET6.map" -Wl,--gc-sections -static --specs=nano.specs -mfpu=fpv4-sp-d16 -mfloat-abi=hard -mthumb -u _printf_float -Wl,--start-group -lc -lm -Wl,--end-group
Finished building target: F446ZET6.elf
 
arm-none-eabi-size   F446ZET6.elf 
arm-none-eabi-objdump -h -S  F446ZET6.elf  > "F446ZET6.list"
   text	   data	    bss	    dec	    hex	filename
  30784	   2524	   2452	  35760	   8bb0	F446ZET6.elf
Finished building: default.size.stdout
 
Finished building: F446ZET6.list
 

03:03:03 Build Finished. 0 errors, 1 warnings. (took 650ms)

