15:57:00 **** Incremental Build of configuration Debug for project F103C8T6_2 ****
make -j16 all 
arm-none-eabi-gcc "../Core/Src/main.c" -mcpu=cortex-m3 -std=gnu11 -g3 -DDEBUG -DUSE_HAL_DRIVER -DSTM32F103xB -c -I../Core/Inc -I../Drivers/STM32F1xx_HAL_Driver/Inc/Legacy -I../Drivers/STM32F1xx_HAL_Driver/Inc -I../Drivers/CMSIS/Device/ST/STM32F1xx/Include -I../Drivers/CMSIS/Include -O0 -ffunction-sections -fdata-sections -Wall -fstack-usage -MMD -MP -MF"Core/Src/main.d" -MT"Core/Src/main.o" --specs=nano.specs -mfloat-abi=soft -mthumb -o "Core/Src/main.o"
../Core/Src/main.c: In function 'main':
../Core/Src/main.c:4199:11: warning: implicit declaration of function 'W25qxx_ReadID'; did you mean 'W25qxx_ReadPage'? [-Wimplicit-function-declaration]
 4199 |   norID = W25qxx_ReadID();
      |           ^~~~~~~~~~~~~
      |           W25qxx_ReadPage
arm-none-eabi-gcc -o "F103C8T6_2.elf" @"objects.list"   -mcpu=cortex-m3 -T"E:\Kampus\TA\Code\Capstone-OBC_TTC\OBC\Cube IDE\F103C8T6_2\STM32F103C8TX_FLASH.ld" --specs=nosys.specs -Wl,-Map="F103C8T6_2.map" -Wl,--gc-sections -static --specs=nano.specs -mfloat-abi=soft -mthumb -Wl,--start-group -lc -lm -Wl,--end-group
Finished building target: F103C8T6_2.elf
 
arm-none-eabi-size   F103C8T6_2.elf 
arm-none-eabi-objdump -h -S  F103C8T6_2.elf  > "F103C8T6_2.list"
   text	   data	    bss	    dec	    hex	filename
  10580	     28	   1788	  12396	   306c	F103C8T6_2.elf
Finished building: default.size.stdout
 
Finished building: F103C8T6_2.list
 
15:58:58 **** Incremental Build of configuration Debug for project F103C8T6_2 ****
make -j16 all 
arm-none-eabi-gcc "../Core/Src/main.c" -mcpu=cortex-m3 -std=gnu11 -g3 -DDEBUG -DUSE_HAL_DRIVER -DSTM32F103xB -c -I../Core/Inc -I../Drivers/STM32F1xx_HAL_Driver/Inc/Legacy -I../Drivers/STM32F1xx_HAL_Driver/Inc -I../Drivers/CMSIS/Device/ST/STM32F1xx/Include -I../Drivers/CMSIS/Include -O0 -ffunction-sections -fdata-sections -Wall -fstack-usage -MMD -MP -MF"Core/Src/main.d" -MT"Core/Src/main.o" --specs=nano.specs -mfloat-abi=soft -mthumb -o "Core/Src/main.o"
arm-none-eabi-gcc -o "F103C8T6_2.elf" @"objects.list"   -mcpu=cortex-m3 -T"E:\Kampus\TA\Code\Capstone-OBC_TTC\OBC\Cube IDE\F103C8T6_2\STM32F103C8TX_FLASH.ld" --specs=nosys.specs -Wl,-Map="F103C8T6_2.map" -Wl,--gc-sections -static --specs=nano.specs -mfloat-abi=soft -mthumb -Wl,--start-group -lc -lm -Wl,--end-group
Finished building target: F103C8T6_2.elf
 
arm-none-eabi-size   F103C8T6_2.elf 
arm-none-eabi-objdump -h -S  F103C8T6_2.elf  > "F103C8T6_2.list"
   text	   data	    bss	    dec	    hex	filename
  10568	   4116	   5868	  20552	   5048	F103C8T6_2.elf
Finished building: default.size.stdout
 
Finished building: F103C8T6_2.list
 
15:59:53 **** Incremental Build of configuration Debug for project F103C8T6_2 ****
make -j16 all 
arm-none-eabi-size   F103C8T6_2.elf 
   text	   data	    bss	    dec	    hex	filename
  10568	   4116	   5868	  20552	   5048	F103C8T6_2.elf
Finished building: default.size.stdout
 
16:05:55 **** Incremental Build of configuration Debug for project F103C8T6_2 ****
make -j16 all 
arm-none-eabi-gcc "../Core/Src/main.c" -mcpu=cortex-m3 -std=gnu11 -g3 -DDEBUG -DUSE_HAL_DRIVER -DSTM32F103xB -c -I../Core/Inc -I../Drivers/STM32F1xx_HAL_Driver/Inc/Legacy -I../Drivers/STM32F1xx_HAL_Driver/Inc -I../Drivers/CMSIS/Device/ST/STM32F1xx/Include -I../Drivers/CMSIS/Include -O0 -ffunction-sections -fdata-sections -Wall -fstack-usage -MMD -MP -MF"Core/Src/main.d" -MT"Core/Src/main.o" --specs=nano.specs -mfloat-abi=soft -mthumb -o "Core/Src/main.o"
arm-none-eabi-gcc -o "F103C8T6_2.elf" @"objects.list"   -mcpu=cortex-m3 -T"E:\Kampus\TA\Code\Capstone-OBC_TTC\OBC\Cube IDE\F103C8T6_2\STM32F103C8TX_FLASH.ld" --specs=nosys.specs -Wl,-Map="F103C8T6_2.map" -Wl,--gc-sections -static --specs=nano.specs -mfloat-abi=soft -mthumb -Wl,--start-group -lc -lm -Wl,--end-group
Finished building target: F103C8T6_2.elf
 
arm-none-eabi-size   F103C8T6_2.elf 
arm-none-eabi-objdump -h -S  F103C8T6_2.elf  > "F103C8T6_2.list"
   text	   data	    bss	    dec	    hex	filename
  10568	   4116	   5868	  20552	   5048	F103C8T6_2.elf
Finished building: default.size.stdout
 
Finished building: F103C8T6_2.list
 
16:12:26 **** Incremental Build of configuration Debug for project F103C8T6_2 ****
make -j16 all 
arm-none-eabi-gcc "../Core/Src/main.c" -mcpu=cortex-m3 -std=gnu11 -g3 -DDEBUG -DUSE_HAL_DRIVER -DSTM32F103xB -c -I../Core/Inc -I../Drivers/STM32F1xx_HAL_Driver/Inc/Legacy -I../Drivers/STM32F1xx_HAL_Driver/Inc -I../Drivers/CMSIS/Device/ST/STM32F1xx/Include -I../Drivers/CMSIS/Include -O0 -ffunction-sections -fdata-sections -Wall -fstack-usage -MMD -MP -MF"Core/Src/main.d" -MT"Core/Src/main.o" --specs=nano.specs -mfloat-abi=soft -mthumb -o "Core/Src/main.o"
arm-none-eabi-gcc -o "F103C8T6_2.elf" @"objects.list"   -mcpu=cortex-m3 -T"E:\Kampus\TA\Code\Capstone-OBC_TTC\OBC\Cube IDE\F103C8T6_2\STM32F103C8TX_FLASH.ld" --specs=nosys.specs -Wl,-Map="F103C8T6_2.map" -Wl,--gc-sections -static --specs=nano.specs -mfloat-abi=soft -mthumb -Wl,--start-group -lc -lm -Wl,--end-group
e:\programs\stm32cubeide_1.10.1\stm32cubeide\plugins\com.st.stm32cube.ide.mcu.externaltools.gnu-tools-for-stm32.10.3-2021.10.win32_1.0.0.202111181127\tools\arm-none-eabi\bin\ld.exe: F103C8T6_2.elf section `.bss' will not fit in region `RAM'
e:\programs\stm32cubeide_1.10.1\stm32cubeide\plugins\com.st.stm32cube.ide.mcu.externaltools.gnu-tools-for-stm32.10.3-2021.10.win32_1.0.0.202111181127\tools\arm-none-eabi\bin\ld.exe: region `RAM' overflowed by 5880 bytes
collect2.exe: error: ld returned 1 exit status
make: *** [makefile:64: F103C8T6_2.elf] Error 1
"make -j16 all" terminated with exit code 2. Build might be incomplete.
16:12:57 **** Incremental Build of configuration Debug for project F103C8T6_2 ****
make -j16 all 
arm-none-eabi-gcc "../Core/Src/main.c" -mcpu=cortex-m3 -std=gnu11 -g3 -DDEBUG -DUSE_HAL_DRIVER -DSTM32F103xB -c -I../Core/Inc -I../Drivers/STM32F1xx_HAL_Driver/Inc/Legacy -I../Drivers/STM32F1xx_HAL_Driver/Inc -I../Drivers/CMSIS/Device/ST/STM32F1xx/Include -I../Drivers/CMSIS/Include -O0 -ffunction-sections -fdata-sections -Wall -fstack-usage -MMD -MP -MF"Core/Src/main.d" -MT"Core/Src/main.o" --specs=nano.specs -mfloat-abi=soft -mthumb -o "Core/Src/main.o"
arm-none-eabi-gcc -o "F103C8T6_2.elf" @"objects.list"   -mcpu=cortex-m3 -T"E:\Kampus\TA\Code\Capstone-OBC_TTC\OBC\Cube IDE\F103C8T6_2\STM32F103C8TX_FLASH.ld" --specs=nosys.specs -Wl,-Map="F103C8T6_2.map" -Wl,--gc-sections -static --specs=nano.specs -mfloat-abi=soft -mthumb -Wl,--start-group -lc -lm -Wl,--end-group
Finished building target: F103C8T6_2.elf
 
arm-none-eabi-size   F103C8T6_2.elf 
arm-none-eabi-objdump -h -S  F103C8T6_2.elf  > "F103C8T6_2.list"
   text	   data	    bss	    dec	    hex	filename
  10608	   8212	   9964	  28784	   7070	F103C8T6_2.elf
Finished building: default.size.stdout
 
Finished building: F103C8T6_2.list
 
16:13:45 **** Incremental Build of configuration Debug for project F103C8T6_2 ****
make -j16 all 
arm-none-eabi-size   F103C8T6_2.elf 
   text	   data	    bss	    dec	    hex	filename
  10608	   8212	   9964	  28784	   7070	F103C8T6_2.elf
Finished building: default.size.stdout
 
16:15:50 **** Incremental Build of configuration Debug for project F103C8T6_2 ****
make -j16 all 
arm-none-eabi-gcc "../Core/Src/main.c" -mcpu=cortex-m3 -std=gnu11 -g3 -DDEBUG -DUSE_HAL_DRIVER -DSTM32F103xB -c -I../Core/Inc -I../Drivers/STM32F1xx_HAL_Driver/Inc/Legacy -I../Drivers/STM32F1xx_HAL_Driver/Inc -I../Drivers/CMSIS/Device/ST/STM32F1xx/Include -I../Drivers/CMSIS/Include -O0 -ffunction-sections -fdata-sections -Wall -fstack-usage -MMD -MP -MF"Core/Src/main.d" -MT"Core/Src/main.o" --specs=nano.specs -mfloat-abi=soft -mthumb -o "Core/Src/main.o"
arm-none-eabi-gcc -o "F103C8T6_2.elf" @"objects.list"   -mcpu=cortex-m3 -T"E:\Kampus\TA\Code\Capstone-OBC_TTC\OBC\Cube IDE\F103C8T6_2\STM32F103C8TX_FLASH.ld" --specs=nosys.specs -Wl,-Map="F103C8T6_2.map" -Wl,--gc-sections -static --specs=nano.specs -mfloat-abi=soft -mthumb -Wl,--start-group -lc -lm -Wl,--end-group
Finished building target: F103C8T6_2.elf
 
arm-none-eabi-size   F103C8T6_2.elf 
arm-none-eabi-objdump -h -S  F103C8T6_2.elf  > "F103C8T6_2.list"
   text	   data	    bss	    dec	    hex	filename
  10608	   8212	   9964	  28784	   7070	F103C8T6_2.elf
Finished building: default.size.stdout
 
Finished building: F103C8T6_2.list
 
16:18:44 **** Incremental Build of configuration Debug for project F103C8T6_2 ****
make -j16 all 
arm-none-eabi-gcc "../Core/Src/main.c" -mcpu=cortex-m3 -std=gnu11 -g3 -DDEBUG -DUSE_HAL_DRIVER -DSTM32F103xB -c -I../Core/Inc -I../Drivers/STM32F1xx_HAL_Driver/Inc/Legacy -I../Drivers/STM32F1xx_HAL_Driver/Inc -I../Drivers/CMSIS/Device/ST/STM32F1xx/Include -I../Drivers/CMSIS/Include -O0 -ffunction-sections -fdata-sections -Wall -fstack-usage -MMD -MP -MF"Core/Src/main.d" -MT"Core/Src/main.o" --specs=nano.specs -mfloat-abi=soft -mthumb -o "Core/Src/main.o"
arm-none-eabi-gcc -o "F103C8T6_2.elf" @"objects.list"   -mcpu=cortex-m3 -T"E:\Kampus\TA\Code\Capstone-OBC_TTC\OBC\Cube IDE\F103C8T6_2\STM32F103C8TX_FLASH.ld" --specs=nosys.specs -Wl,-Map="F103C8T6_2.map" -Wl,--gc-sections -static --specs=nano.specs -mfloat-abi=soft -mthumb -Wl,--start-group -lc -lm -Wl,--end-group
Finished building target: F103C8T6_2.elf
 
arm-none-eabi-size   F103C8T6_2.elf 
arm-none-eabi-objdump -h -S  F103C8T6_2.elf  > "F103C8T6_2.list"
   text	   data	    bss	    dec	    hex	filename
  10568	   4116	   5868	  20552	   5048	F103C8T6_2.elf
Finished building: default.size.stdout
 
Finished building: F103C8T6_2.list
 
16:22:26 **** Incremental Build of configuration Debug for project F103C8T6_2 ****
make -j16 all 
arm-none-eabi-gcc "../Core/Src/main.c" -mcpu=cortex-m3 -std=gnu11 -g3 -DDEBUG -DUSE_HAL_DRIVER -DSTM32F103xB -c -I../Core/Inc -I../Drivers/STM32F1xx_HAL_Driver/Inc/Legacy -I../Drivers/STM32F1xx_HAL_Driver/Inc -I../Drivers/CMSIS/Device/ST/STM32F1xx/Include -I../Drivers/CMSIS/Include -O0 -ffunction-sections -fdata-sections -Wall -fstack-usage -MMD -MP -MF"Core/Src/main.d" -MT"Core/Src/main.o" --specs=nano.specs -mfloat-abi=soft -mthumb -o "Core/Src/main.o"
arm-none-eabi-gcc -o "F103C8T6_2.elf" @"objects.list"   -mcpu=cortex-m3 -T"E:\Kampus\TA\Code\Capstone-OBC_TTC\OBC\Cube IDE\F103C8T6_2\STM32F103C8TX_FLASH.ld" --specs=nosys.specs -Wl,-Map="F103C8T6_2.map" -Wl,--gc-sections -static --specs=nano.specs -mfloat-abi=soft -mthumb -Wl,--start-group -lc -lm -Wl,--end-group
Finished building target: F103C8T6_2.elf
 
arm-none-eabi-size   F103C8T6_2.elf 
arm-none-eabi-objdump -h -S  F103C8T6_2.elf  > "F103C8T6_2.list"
   text	   data	    bss	    dec	    hex	filename
  10604	   4128	   5872	  20604	   507c	F103C8T6_2.elf
Finished building: default.size.stdout
 
Finished building: F103C8T6_2.list
 
16:22:52 **** Incremental Build of configuration Debug for project F103C8T6_2 ****
make -j16 all 
arm-none-eabi-gcc "../Core/Src/main.c" -mcpu=cortex-m3 -std=gnu11 -g3 -DDEBUG -DUSE_HAL_DRIVER -DSTM32F103xB -c -I../Core/Inc -I../Drivers/STM32F1xx_HAL_Driver/Inc/Legacy -I../Drivers/STM32F1xx_HAL_Driver/Inc -I../Drivers/CMSIS/Device/ST/STM32F1xx/Include -I../Drivers/CMSIS/Include -O0 -ffunction-sections -fdata-sections -Wall -fstack-usage -MMD -MP -MF"Core/Src/main.d" -MT"Core/Src/main.o" --specs=nano.specs -mfloat-abi=soft -mthumb -o "Core/Src/main.o"
arm-none-eabi-gcc -o "F103C8T6_2.elf" @"objects.list"   -mcpu=cortex-m3 -T"E:\Kampus\TA\Code\Capstone-OBC_TTC\OBC\Cube IDE\F103C8T6_2\STM32F103C8TX_FLASH.ld" --specs=nosys.specs -Wl,-Map="F103C8T6_2.map" -Wl,--gc-sections -static --specs=nano.specs -mfloat-abi=soft -mthumb -Wl,--start-group -lc -lm -Wl,--end-group
Finished building target: F103C8T6_2.elf
 
arm-none-eabi-size   F103C8T6_2.elf 
arm-none-eabi-objdump -h -S  F103C8T6_2.elf  > "F103C8T6_2.list"
   text	   data	    bss	    dec	    hex	filename
  10604	   4128	   5872	  20604	   507c	F103C8T6_2.elf
Finished building: default.size.stdout
 
Finished building: F103C8T6_2.list
 
