12:22:23 **** Incremental Build of configuration Debug for project MAIN-A ****
make -j16 all 
arm-none-eabi-gcc "../Core/Src/main.c" -mcpu=cortex-m4 -std=gnu11 -g3 -DDEBUG -DUSE_HAL_DRIVER -DSTM32F446xx -c -I../Core/Inc -I../Drivers/STM32F4xx_HAL_Driver/Inc -I../Drivers/STM32F4xx_HAL_Driver/Inc/Legacy -I../Drivers/CMSIS/Device/ST/STM32F4xx/Include -I../Drivers/CMSIS/Include -O0 -ffunction-sections -fdata-sections -Wall -fstack-usage -MMD -MP -MF"Core/Src/main.d" -MT"Core/Src/main.o" --specs=nano.specs -mfpu=fpv4-sp-d16 -mfloat-abi=hard -mthumb -o "Core/Src/main.o"
../Core/Src/main.c: In function 'serialPrintBuffer':
../Core/Src/main.c:72:3: warning: implicit declaration of function 'sprintf' [-Wimplicit-function-declaration]
   72 |   sprintf(&strReceived[i], "%d, ", buffer[i]);
      |   ^~~~~~~
../Core/Src/main.c:72:3: warning: incompatible implicit declaration of built-in function 'sprintf'
../Core/Src/main.c:21:1: note: include '<stdio.h>' or provide a declaration of 'sprintf'
   20 | #include "main.h"
  +++ |+#include <stdio.h>
   21 | 
../Core/Src/main.c:74:2: warning: implicit declaration of function 'serialPrint'; did you mean 'serialPrintBuffer'? [-Wimplicit-function-declaration]
   74 |  serialPrint(strReceived);
      |  ^~~~~~~~~~~
      |  serialPrintBuffer
../Core/Src/main.c: At top level:
../Core/Src/main.c:78:6: warning: conflicting types for 'serialPrint'
   78 | void serialPrint(char *string){
      |      ^~~~~~~~~~~
../Core/Src/main.c:74:2: note: previous implicit declaration of 'serialPrint' was here
   74 |  serialPrint(strReceived);
      |  ^~~~~~~~~~~
../Core/Src/main.c: In function 'serialPrint':
../Core/Src/main.c:79:16: warning: implicit declaration of function 'strlen' [-Wimplicit-function-declaration]
   79 |  uint8_t len = strlen(string);
      |                ^~~~~~
../Core/Src/main.c:79:16: warning: incompatible implicit declaration of built-in function 'strlen'
../Core/Src/main.c:21:1: note: include '<string.h>' or provide a declaration of 'strlen'
   20 | #include "main.h"
  +++ |+#include <string.h>
   21 | 
arm-none-eabi-gcc -o "MAIN-A.elf" @"objects.list"   -mcpu=cortex-m4 -T"E:\Kampus\TA\Code\Capstone-OBC_TTC\OBC\Cube IDE\MAIN-A\STM32F446ZETX_FLASH.ld" --specs=nosys.specs -Wl,-Map="MAIN-A.map" -Wl,--gc-sections -static --specs=nano.specs -mfpu=fpv4-sp-d16 -mfloat-abi=hard -mthumb -Wl,--start-group -lc -lm -Wl,--end-group
Finished building target: MAIN-A.elf
 
arm-none-eabi-size   MAIN-A.elf 
arm-none-eabi-objdump -h -S  MAIN-A.elf  > "MAIN-A.list"
   text	   data	    bss	    dec	    hex	filename
  11344	     40	   1720	  13104	   3330	MAIN-A.elf
Finished building: default.size.stdout
 
Finished building: MAIN-A.list
 

12:22:24 Build Finished. 0 errors, 6 warnings. (took 805ms)

