14:40:38 **** Incremental Build of configuration Debug for project MAIN-A ****
make -j16 all 
arm-none-eabi-gcc "../Core/Src/main.c" -mcpu=cortex-m4 -std=gnu11 -g3 -DDEBUG -DUSE_HAL_DRIVER -DSTM32F446xx -c -I../Core/Inc -I../Drivers/STM32F4xx_HAL_Driver/Inc -I../Drivers/STM32F4xx_HAL_Driver/Inc/Legacy -I../Drivers/CMSIS/Device/ST/STM32F4xx/Include -I../Drivers/CMSIS/Include -O0 -ffunction-sections -fdata-sections -Wall -fstack-usage -MMD -MP -MF"Core/Src/main.d" -MT"Core/Src/main.o" --specs=nano.specs -mfpu=fpv4-sp-d16 -mfloat-abi=hard -mthumb -o "Core/Src/main.o"
arm-none-eabi-gcc -o "MAIN-A.elf" @"objects.list"   -mcpu=cortex-m4 -T"E:\Kampus\TA\Code\Capstone-OBC_TTC\OBC\Cube IDE\MAIN-A\STM32F446ZETX_FLASH.ld" --specs=nosys.specs -Wl,-Map="MAIN-A.map" -Wl,--gc-sections -static --specs=nano.specs -mfpu=fpv4-sp-d16 -mfloat-abi=hard -mthumb -Wl,--start-group -lc -lm -Wl,--end-group
Finished building target: MAIN-A.elf
 
arm-none-eabi-size   MAIN-A.elf 
arm-none-eabi-objdump -h -S  MAIN-A.elf  > "MAIN-A.list"
   text	   data	    bss	    dec	    hex	filename
  11316	     32	   1720	  13068	   330c	MAIN-A.elf
Finished building: default.size.stdout
 
Finished building: MAIN-A.list
 

14:40:39 Build Finished. 0 errors, 0 warnings. (took 549ms)

