../Core/Src/main.c:74:6:serialPrint	24	static
../Core/Src/main.c:79:6:blink	8	static
../Core/Src/main.c:87:6:buffClear	16	static
../Core/Src/main.c:93:6:printFResult	16	static
../Core/Src/main.c:131:5:main	8	static
../Core/Src/main.c:194:6:SystemClock_Config	88	static
../Core/Src/main.c:243:13:MX_IWDG_Init	8	static
../Core/Src/main.c:271:13:MX_SPI1_Init	8	static
../Core/Src/main.c:309:13:MX_USART1_UART_Init	8	static
../Core/Src/main.c:342:13:MX_GPIO_Init	40	static
../Core/Src/main.c:380:6:Error_Handler	4	static,ignoring_inline_asm
