../Core/Src/main.c:66:6:serialPrint	24	static
../Core/Src/main.c:71:6:blink	8	static
../Core/Src/main.c:90:5:main	16	static
../Core/Src/main.c:161:6:SystemClock_Config	88	static
../Core/Src/main.c:207:13:MX_ADC1_Init	24	static
../Core/Src/main.c:254:13:MX_I2C1_Init	8	static
../Core/Src/main.c:288:13:MX_USART1_UART_Init	8	static
../Core/Src/main.c:321:13:MX_GPIO_Init	40	static
../Core/Src/main.c:343:6:HAL_I2C_SlaveRxCpltCallback	16	static
../Core/Src/main.c:352:6:Error_Handler	4	static,ignoring_inline_asm
